Microchip MPLAB XC8 Compiler V2.36

Linker command line:

-W-3 --edf=C:\Program Files\Microchip\xc8\v2.36\pic\dat\en_msgs.txt -cn \
  -h+dist/default/production\BootloaderEx.X.production.sym \
  --cmf=dist/default/production\BootloaderEx.X.production.cmf -z -Q18F47Q10 \
  -oC:\Users\DSMARK~1\AppData\Local\Temp\xcAsgls.4 --defsym=__MPLAB_BUILD=1 \
  -Mdist/default/production/BootloaderEx.X.production.map \
  --md=C:\Users\DSMARK~1\AppData\Local\Temp\xcAsgls.dat -E1 \
  -ver=XC8 Compiler --acfsm=1493 -ACODE=00h-01FFFFh -ACONST=00h-01FFFFh \
  -ASMALLCONST=0F00h-0FFFhx497 -AMEDIUMCONST=0F00h-0FFFFh,010F00h-01FFFFh \
  -ACOMRAM=01h-05Fh -AABS1=00h-0CFFh,0E00h-0E1Eh \
  -ABIGRAM=01h-0CFFh,0E00h-0E1Eh -ARAM=060h-0FFh,0100h-01FFhx12,0E00h-0E1Eh \
  -ABANK0=060h-0FFh -ABANK1=0100h-01FFh -ABANK2=0200h-02FFh \
  -ABANK3=0300h-03FFh -ABANK4=0400h-04FFh -ABANK5=0500h-05FFh \
  -ABANK6=0600h-06FFh -ABANK7=0700h-07FFh -ABANK8=0800h-08FFh \
  -ABANK9=0900h-09FFh -ABANK10=0A00h-0AFFh -ABANK11=0B00h-0BFFh \
  -ABANK12=0C00h-0CFFh -ABANK14=0E00h-0E1Eh \
  -ASFR=0D00h-0DFFh,0E1Fh-0EFFh,0F00h-0F5Fh,0F60h-0FFFh \
  -ABIGSFR=0D00h-0DFFh,0E1Fh-0FFFh -ACONFIG=0300000h-030000Bh \
  -AIDLOC=0200000h-02000FFh -AEEDATA=0310000h-03103FFh -peeprom_data=EEDATA \
  -preset_vec=00h,intcode=08h,intcodelo=018h,powerup,init -pramtop=0F00h \
  -psmallconst=SMALLCONST -pmediumconst=MEDIUMCONST -pconst=CONST \
  -AFARRAM=00h-00h \
  -prdata=COMRAM,nvrram=COMRAM,nvbit=COMRAM,rbss=COMRAM,rbit=COMRAM \
  -pfarbss=FARRAM,fardata=FARRAM,nvFARRAM=FARRAM \
  -pintsave_regs=BIGRAM,bigbss=BIGRAM,bigdata=BIGRAM -pbss=RAM \
  -pidata=CODE,irdata=CODE,ibigdata=CODE,ifardata=CODE -prparam=COMRAM \
  C:\Users\DSMARK~1\AppData\Local\Temp\xcAsgls.o \
  dist/default/production\BootloaderEx.X.production.o 

Object code version is 3.11

Machine type is 18F47Q10



                Name                               Link     Load   Length Selector   Space Scale
C:\Users\DSMARK~1\AppData\Local\Temp\xcAsgls.o
                idloc                            200000   200000      100        0       5
                config                           300000   300000        C        0       4
                init                                 1C       1C        4        C       0
                reset_vec                             0        0        4        0       0
dist/default/production\BootloaderEx.X.production.o
                intcodelo                            18       18        4        C       0
                intcode                               8        8        4        4       0
                idloc                            200000   200000      100        0       5
                config                           300000   300000        C        0       4
                text22                              642      642       56        C       0
                text21                              7BE      7BE       16        C       0
                text20                              714      714       2A        C       0
                text19                              790      790       18        C       0
                text18                              426      426       A6        C       0
                text17                              7D4      7D4       12        C       0
                text16                              2D0      2D0       AC        C       0
                text15                              54E      54E       7E        C       0
                text14                              5CC      5CC       76        C       0
                text13                              37C      37C       AA        C       0
                text12                              124      124       F2        C       0
                text11                              216      216       BA        C       0
                text10                               20       20      104        C       0
                text9                               6E2      6E2       32        C       0
                text8                               802      802        E        C       0
                text7                               7F4      7F4        E        C       0
                text6                               7E6      7E6        E        C       0
                text5                               698      698       4A        C       0
                text4                               778      778       18        C       0
                text3                               4CC      4CC       82        C       0
                text2                               75C      75C       1C        C       0
                text1                               7A8      7A8       16        C       0
                cstackCOMRAM                          2        2       12        2       1
                bssBANK0                             60       60       89       60       1
                bssCOMRAM                            1D       1D        8        2       1
                cinit                               73E      73E       1E        C       0
                nvCOMRAM                             14       14        9        2       1
                text0                               810      810        C        C       0

TOTAL           Name                               Link     Load   Length     Space
        CLASS   CODE           
                intcodelo                            18       18        4         0
                intcode                               8        8        4         0
                init                                 1C       1C        4         0
                reset_vec                             0        0        4         0
                text22                              642      642       56         0
                text21                              7BE      7BE       16         0
                text20                              714      714       2A         0
                text19                              790      790       18         0
                text18                              426      426       A6         0
                text17                              7D4      7D4       12         0
                text16                              2D0      2D0       AC         0
                text15                              54E      54E       7E         0
                text14                              5CC      5CC       76         0
                text13                              37C      37C       AA         0
                text12                              124      124       F2         0
                text11                              216      216       BA         0
                text10                               20       20      104         0
                text9                               6E2      6E2       32         0
                text8                               802      802        E         0
                text7                               7F4      7F4        E         0
                text6                               7E6      7E6        E         0
                text5                               698      698       4A         0
                text4                               778      778       18         0
                text3                               4CC      4CC       82         0
                text2                               75C      75C       1C         0
                text1                               7A8      7A8       16         0
                cinit                               73E      73E       1E         0
                text0                               810      810        C         0

        CLASS   CONST          

        CLASS   SMALLCONST     

        CLASS   MEDIUMCONST    

        CLASS   COMRAM         
                cstackCOMRAM                          2        2       12         1
                bssCOMRAM                            1D       1D        8         1
                nvCOMRAM                             14       14        9         1

        CLASS   ABS1           
                abs_s1                                1        1        1         1

        CLASS   BIGRAM         

        CLASS   RAM            

        CLASS   BANK0          
                bssBANK0                             60       60       89         1

        CLASS   BANK1          

        CLASS   BANK2          

        CLASS   BANK3          

        CLASS   BANK4          

        CLASS   BANK5          

        CLASS   BANK6          

        CLASS   BANK7          

        CLASS   BANK8          

        CLASS   BANK9          

        CLASS   BANK10         

        CLASS   BANK11         

        CLASS   BANK12         

        CLASS   BANK14         

        CLASS   SFR            

        CLASS   BIGSFR         

        CLASS   CONFIG         
                config                           300000   300000        C         4

        CLASS   IDLOC          
                idloc                            200000   200000      100         5

        CLASS   EEDATA         

        CLASS   FARRAM         

        CLASS   HEAP           

        CLASS   STACK          



SEGMENTS        Name                           Load    Length   Top    Selector   Space  Class

                reset_vec                      000000  000004  000004         0       0  CODE    
                cstackCOMRAM                   000002  000023  000025         2       1  COMRAM  
                intcode                        000008  000004  00000C         4       0  CODE    
                intcodelo                      000018  000804  00081C         C       0  CODE    
                bssBANK0                       000060  000089  0000E9        60       1  BANK0   


UNUSED ADDRESS RANGES

        Name                Unused          Largest block    Delta
        BANK0            0000E9-0000FF               17
        BANK1            000100-0001FF              100
        BANK10           000A00-000AFF              100
        BANK11           000B00-000BFF              100
        BANK12           000C00-000CFF              100
        BANK14           000E00-000E1E               1F
        BANK2            000200-0002FF              100
        BANK3            000300-0003FF              100
        BANK4            000400-0004FF              100
        BANK5            000500-0005FF              100
        BANK6            000600-0006FF              100
        BANK7            000700-0007FF              100
        BANK8            000800-0008FF              100
        BANK9            000900-0009FF              100
        BIGRAM           000025-00005F               3B
                         0000E9-000CFF              C17
                         000E00-000E1E               1F
        BIGSFR           000D00-000DFF              100
                         000E1F-000FFF              1E1
        CODE             000004-000007                4
                         00000C-000017                C
                         00081C-01FFFF            1F7E4
        COMRAM           000025-00005F               3B
        CONST            000004-000007                4
                         00000C-000017                C
                         00081C-01FFFF            1F7E4
        EEDATA           310000-3103FF              400
        MEDIUMCONST      000F00-00FFFF             F100
                         010F00-01FFFF             F100
        RAM              0000E9-000CFF              100
                         000E00-000E1E               1F
        SFR              000D00-000DFF              100
                         000E1F-000FFF               E1
        SMALLCONST       000F00-01FFFF              100

                                  Symbol Table

Bootload_Required@i                             cstackCOMRAM 000002
Calc_Checksum@i                                 cstackCOMRAM 000006
Calc_Checksum@length                            cstackCOMRAM 00000A
EUSART1_SetErrorHandler@interruptHandler        cstackCOMRAM 000002
EUSART1_SetFramingErrorHandler@interruptHandler cstackCOMRAM 000002
EUSART1_SetOverrunErrorHandler@interruptHandler cstackCOMRAM 000002
EUSART1_Write@txData                            cstackCOMRAM 000002
Erase_Flash@i                                   cstackCOMRAM 000005
Get_Version_Data@i                              cstackCOMRAM 000002
ProcessBootBuffer@len                           cstackCOMRAM 000010
Read_Config@i                                   cstackCOMRAM 000004
Run_Bootloader@ch                               cstackCOMRAM 000011
Run_Bootloader@index                            cstackCOMRAM 000013
Run_Bootloader@msg_length                       cstackCOMRAM 000012
Write_Config@i                                  cstackCOMRAM 000004
Write_Flash@i                                   cstackCOMRAM 000006
_ANSELA                                         (abs)        000F0C
_ANSELB                                         (abs)        000F14
_ANSELC                                         (abs)        000F1C
_ANSELD                                         (abs)        000F21
_ANSELE                                         (abs)        000F29
_BAUD1CON                                       (abs)        000F9E
_BAUDCONbits                                    (abs)        000F9E
_BOOTLOADER_Initialize                          text9        0006E2
_BSR                                            (abs)        000FE0
_Bootload_Required                              text22       000642
_Calc_Checksum                                  text18       000426
_Check_Device_Reset                             text21       0007BE
_EE_Key_1                                       (abs)        000000
_EE_Key_2                                       (abs)        000001
_EUSART1_DefaultErrorHandler                    (abs)        000000
_EUSART1_DefaultFramingErrorHandler             (abs)        000000
_EUSART1_DefaultOverrunErrorHandler             (abs)        000000
_EUSART1_ErrorHandler                           nvCOMRAM     000014
_EUSART1_FramingErrorHandler                    nvCOMRAM     00001A
_EUSART1_Initialize                             text5        000698
_EUSART1_OverrunErrorHandler                    nvCOMRAM     000017
_EUSART1_Read                                   text20       000714
_EUSART1_SetErrorHandler                        text8        000802
_EUSART1_SetFramingErrorHandler                 text7        0007F4
_EUSART1_SetOverrunErrorHandler                 text6        0007E6
_EUSART1_Write                                  text19       000790
_Erase_Flash                                    text16       0002D0
_Get_Version_Data                               text15       00054E
_INLVLA                                         (abs)        000F08
_INLVLB                                         (abs)        000F10
_INLVLC                                         (abs)        000F18
_INLVLD                                         (abs)        000F1D
_INLVLE                                         (abs)        000F25
_INTCONbits                                     (abs)        000FF2
_LATA                                           (abs)        000F82
_LATAbits                                       (abs)        000F82
_LATB                                           (abs)        000F83
_LATC                                           (abs)        000F84
_LATD                                           (abs)        000F85
_LATE                                           (abs)        000F86
_NVMADRH                                        (abs)        000F7A
_NVMADRL                                        (abs)        000F79
_NVMADRU                                        (abs)        000F7B
_NVMCON0bits                                    (abs)        000F7F
_NVMCON1                                        (abs)        000F80
_NVMCON1bits                                    (abs)        000F80
_NVMCON2                                        (abs)        000F81
_NVMDATH                                        (abs)        000F7D
_NVMDATL                                        (abs)        000F7C
_ODCONA                                         (abs)        000F0A
_ODCONB                                         (abs)        000F12
_ODCONC                                         (abs)        000F1A
_ODCOND                                         (abs)        000F1F
_ODCONE                                         (abs)        000F27
_OSCCON1                                        (abs)        000ED3
_OSCCON3                                        (abs)        000ED5
_OSCEN                                          (abs)        000ED7
_OSCFRQ                                         (abs)        000ED9
_OSCILLATOR_Initialize                          text4        000778
_OSCTUNE                                        (abs)        000ED8
_PIN_MANAGER_Initialize                         text3        0004CC
_PIR3bits                                       (abs)        000EC8
_PIR7bits                                       (abs)        000ECC
_PMD0                                           (abs)        000EDC
_PMD1                                           (abs)        000EDD
_PMD2                                           (abs)        000EDE
_PMD3                                           (abs)        000EDF
_PMD4                                           (abs)        000EE0
_PMD5                                           (abs)        000EE1
_PMD_Initialize                                 text2        00075C
_PORTAbits                                      (abs)        000F8C
_ProcessBootBuffer                              text11       000216
_RC1REG                                         (abs)        000F98
_RC1STA                                         (abs)        000F9C
_RC1STAbits                                     (abs)        000F9C
_RC6PPS                                         (abs)        000EF8
_RX1PPS                                         (abs)        000EB0
_Read_Config                                    text14       0005CC
_Run_Bootloader                                 text10       000020
_SLRCONA                                        (abs)        000F09
_SLRCONB                                        (abs)        000F11
_SLRCONC                                        (abs)        000F19
_SLRCOND                                        (abs)        000F1E
_SLRCONE                                        (abs)        000F26
_SP1BRGH                                        (abs)        000F9B
_SP1BRGL                                        (abs)        000F9A
_STKPTR                                         (abs)        000FFC
_SYSTEM_Initialize                              text1        0007A8
_StartWrite                                     text17       0007D4
_TABLAT                                         (abs)        000FF5
_TBLPTR                                         (abs)        000FF6
_TBLPTRH                                        (abs)        000FF7
_TBLPTRL                                        (abs)        000FF6
_TBLPTRU                                        (abs)        000FF8
_TRISA                                          (abs)        000F87
_TRISB                                          (abs)        000F88
_TRISC                                          (abs)        000F89
_TRISD                                          (abs)        000F8A
_TRISE                                          (abs)        000F8B
_TX1REG                                         (abs)        000F99
_TX1STA                                         (abs)        000F9D
_TX1STAbits                                     (abs)        000F9D
_WPUA                                           (abs)        000F0B
_WPUB                                           (abs)        000F13
_WPUC                                           (abs)        000F1B
_WPUD                                           (abs)        000F20
_WPUE                                           (abs)        000F28
_Write_Config                                   text13       00037C
_Write_Flash                                    text12       000124
__HRAM                                          (abs)        000000
__Habs1                                         abs1         000000
__Hbank0                                        bank0        000000
__Hbank1                                        bank1        000000
__Hbank10                                       bank10       000000
__Hbank11                                       bank11       000000
__Hbank12                                       bank12       000000
__Hbank14                                       bank14       000000
__Hbank2                                        bank2        000000
__Hbank3                                        bank3        000000
__Hbank4                                        bank4        000000
__Hbank5                                        bank5        000000
__Hbank6                                        bank6        000000
__Hbank7                                        bank7        000000
__Hbank8                                        bank8        000000
__Hbank9                                        bank9        000000
__Hbigbss                                       bigbss       000000
__Hbigdata                                      bigdata      000000
__Hbigram                                       bigram       000000
__Hbigsfr                                       bigsfr       000000
__Hbss                                          bss          000000
__HbssBANK0                                     bssBANK0     000000
__HbssCOMRAM                                    bssCOMRAM    000000
__Hcinit                                        cinit        000000
__Hclrtext                                      clrtext      000000
__Hcomram                                       comram       000000
__Hconfig                                       config       30000C
__Hconst                                        const        000000
__HcstackCOMRAM                                 cstackCOMRAM 000000
__Hdata                                         data         000000
__Heeprom_data                                  eeprom_data  000000
__Hfarbss                                       farbss       000000
__Hfardata                                      fardata      000000
__Hheap                                         heap         000000
__Hibigdata                                     ibigdata     000000
__Hidata                                        idata        000000
__Hidloc                                        idloc        200100
__Hifardata                                     ifardata     000000
__Hinit                                         init         000020
__Hintcode                                      intcode      00000C
__Hintcode_body                                 intcode_body 000000
__Hintcodelo                                    intcodelo    00001C
__Hintentry                                     intentry     000000
__Hintret                                       intret       000000
__Hintsave_regs                                 intsave_regs 000000
__Hirdata                                       irdata       000000
__Hmediumconst                                  mediumconst  000000
__HnvCOMRAM                                     nvCOMRAM     000000
__HnvFARRAM                                     nvFARRAM     000000
__Hnvbit                                        nvbit        000000
__Hnvrram                                       nvrram       000000
__Hparam                                        rparam       000000
__Hpowerup                                      powerup      00001C
__Hram                                          ram          000000
__Hramtop                                       ramtop       000F00
__Hrbit                                         rbit         000000
__Hrbss                                         rbss         000000
__Hrdata                                        rdata        000000
__Hreset_vec                                    reset_vec    000004
__Hrparam                                       rparam       000000
__Hsfr                                          sfr          000000
__Hsmallconst                                   smallconst   000000
__Hspace_0                                      (abs)        000F00
__Hspace_1                                      (abs)        0000E9
__Hspace_2                                      (abs)        000000
__Hspace_4                                      (abs)        60000C
__Hstack                                        stack        000000
__Hstruct                                       struct       000000
__Htemp                                         temp         000000
__Htext                                         text         000000
__Htext0                                        text0        000000
__Htext1                                        text1        000000
__Htext10                                       text10       000000
__Htext11                                       text11       000000
__Htext12                                       text12       000000
__Htext13                                       text13       000000
__Htext14                                       text14       000000
__Htext15                                       text15       000000
__Htext16                                       text16       000000
__Htext17                                       text17       000000
__Htext18                                       text18       000000
__Htext19                                       text19       000000
__Htext2                                        text2        000000
__Htext20                                       text20       000000
__Htext21                                       text21       000000
__Htext22                                       text22       000000
__Htext3                                        text3        000000
__Htext4                                        text4        000000
__Htext5                                        text5        000000
__Htext6                                        text6        000000
__Htext7                                        text7        000000
__Htext8                                        text8        000000
__Htext9                                        text9        000000
__LRAM                                          (abs)        000001
__Labs1                                         abs1         000000
__Lbank0                                        bank0        000000
__Lbank1                                        bank1        000000
__Lbank10                                       bank10       000000
__Lbank11                                       bank11       000000
__Lbank12                                       bank12       000000
__Lbank14                                       bank14       000000
__Lbank2                                        bank2        000000
__Lbank3                                        bank3        000000
__Lbank4                                        bank4        000000
__Lbank5                                        bank5        000000
__Lbank6                                        bank6        000000
__Lbank7                                        bank7        000000
__Lbank8                                        bank8        000000
__Lbank9                                        bank9        000000
__Lbigbss                                       bigbss       000000
__Lbigdata                                      bigdata      000000
__Lbigram                                       bigram       000000
__Lbigsfr                                       bigsfr       000000
__Lbss                                          bss          000000
__LbssBANK0                                     bssBANK0     000000
__LbssCOMRAM                                    bssCOMRAM    000000
__Lcinit                                        cinit        000000
__Lclrtext                                      clrtext      000000
__Lcomram                                       comram       000000
__Lconfig                                       config       000000
__Lconst                                        const        000000
__LcstackCOMRAM                                 cstackCOMRAM 000000
__Ldata                                         data         000000
__Leeprom_data                                  eeprom_data  000000
__Lfarbss                                       farbss       000000
__Lfardata                                      fardata      000000
__Lheap                                         heap         000000
__Libigdata                                     ibigdata     000000
__Lidata                                        idata        000000
__Lidloc                                        idloc        000000
__Lifardata                                     ifardata     000000
__Linit                                         init         00001C
__Lintcode                                      intcode      000008
__Lintcode_body                                 intcode_body 000000
__Lintcodelo                                    intcodelo    000018
__Lintentry                                     intentry     000000
__Lintret                                       intret       000000
__Lintsave_regs                                 intsave_regs 000000
__Lirdata                                       irdata       000000
__Lmediumconst                                  mediumconst  000000
__LnvCOMRAM                                     nvCOMRAM     000000
__LnvFARRAM                                     nvFARRAM     000000
__Lnvbit                                        nvbit        000000
__Lnvrram                                       nvrram       000000
__Lparam                                        rparam       000000
__Lpowerup                                      powerup      00001C
__Lram                                          ram          000000
__Lramtop                                       ramtop       000F00
__Lrbit                                         rbit         000000
__Lrbss                                         rbss         000000
__Lrdata                                        rdata        000000
__Lreset_vec                                    reset_vec    000000
__Lrparam                                       rparam       000000
__Lsfr                                          sfr          000000
__Lsmallconst                                   smallconst   000000
__Lspace_0                                      (abs)        000000
__Lspace_1                                      (abs)        000000
__Lspace_2                                      (abs)        000000
__Lspace_4                                      (abs)        000000
__Lstack                                        stack        000000
__Lstruct                                       struct       000000
__Ltemp                                         temp         000000
__Ltext                                         text         000000
__Ltext0                                        text0        000000
__Ltext1                                        text1        000000
__Ltext10                                       text10       000000
__Ltext11                                       text11       000000
__Ltext12                                       text12       000000
__Ltext13                                       text13       000000
__Ltext14                                       text14       000000
__Ltext15                                       text15       000000
__Ltext16                                       text16       000000
__Ltext17                                       text17       000000
__Ltext18                                       text18       000000
__Ltext19                                       text19       000000
__Ltext2                                        text2        000000
__Ltext20                                       text20       000000
__Ltext21                                       text21       000000
__Ltext22                                       text22       000000
__Ltext3                                        text3        000000
__Ltext4                                        text4        000000
__Ltext5                                        text5        000000
__Ltext6                                        text6        000000
__Ltext7                                        text7        000000
__Ltext8                                        text8        000000
__Ltext9                                        text9        000000
__S0                                            (abs)        00081C
__S1                                            (abs)        0000E9
__S4                                            (abs)        000000
__S5                                            (abs)        000000
___heap_hi                                      (abs)        000000
___heap_lo                                      (abs)        000000
___inthi_sp                                     stack        000000
___intlo_sp                                     stack        000000
___param_bank                                   (abs)        000000
___rparam_used                                  (abs)        000001
___sp                                           stack        000000
__accesstop                                     (abs)        000060
__activetblptr                                  (abs)        000003
__end_of_BOOTLOADER_Initialize                  text9        000714
__end_of_Bootload_Required                      text22       000698
__end_of_Calc_Checksum                          text18       0004CC
__end_of_Check_Device_Reset                     text21       0007D4
__end_of_EUSART1_Initialize                     text5        0006E2
__end_of_EUSART1_Read                           text20       00073E
__end_of_EUSART1_SetErrorHandler                text8        000810
__end_of_EUSART1_SetFramingErrorHandler         text7        000802
__end_of_EUSART1_SetOverrunErrorHandler         text6        0007F4
__end_of_EUSART1_Write                          text19       0007A8
__end_of_Erase_Flash                            text16       00037C
__end_of_Get_Version_Data                       text15       0005CC
__end_of_OSCILLATOR_Initialize                  text4        000790
__end_of_PIN_MANAGER_Initialize                 text3        00054E
__end_of_PMD_Initialize                         text2        000778
__end_of_ProcessBootBuffer                      text11       0002D0
__end_of_Read_Config                            text14       000642
__end_of_Run_Bootloader                         text10       000124
__end_of_SYSTEM_Initialize                      text1        0007BE
__end_of_StartWrite                             text17       0007E6
__end_of_Write_Config                           text13       000426
__end_of_Write_Flash                            text12       000216
__end_of__initialization                        cinit        000756
__end_of_main                                   text0        00081C
__initialization                                cinit        00073E
__mediumconst                                   mediumconst  000000
__pbssBANK0                                     bssBANK0     000060
__pbssCOMRAM                                    bssCOMRAM    00001D
__pcinit                                        cinit        00073E
__pcstackCOMRAM                                 cstackCOMRAM 000002
__pnvCOMRAM                                     nvCOMRAM     000014
__ptext0                                        text0        000810
__ptext1                                        text1        0007A8
__ptext10                                       text10       000020
__ptext11                                       text11       000216
__ptext12                                       text12       000124
__ptext13                                       text13       00037C
__ptext14                                       text14       0005CC
__ptext15                                       text15       00054E
__ptext16                                       text16       0002D0
__ptext17                                       text17       0007D4
__ptext18                                       text18       000426
__ptext19                                       text19       000790
__ptext2                                        text2        00075C
__ptext20                                       text20       000714
__ptext21                                       text21       0007BE
__ptext22                                       text22       000642
__ptext3                                        text3        0004CC
__ptext4                                        text4        000778
__ptext5                                        text5        000698
__ptext6                                        text6        0007E6
__ptext7                                        text7        0007F4
__ptext8                                        text8        000802
__ptext9                                        text9        0006E2
__ramtop                                        ramtop       000F00
__smallconst                                    smallconst   000000
_check_sum                                      bssCOMRAM    00001F
_counter                                        bssCOMRAM    00001D
_eusart1RxLastError                             bssCOMRAM    000024
_frame                                          bssBANK0     000060
_main                                           text0        000810
_reset_pending                                  bssCOMRAM    000021
_rx_data                                        bssCOMRAM    000023
_sectorRAM                                      (abs)        000D00
_tx_data                                        bssCOMRAM    000022
end_of_initialization                           cinit        000756
intlevel0                                       text         000000
intlevel1                                       text         000000
intlevel2                                       text         000000
intlevel3                                       text         000000
isa$std                                         (abs)        000001
isa$xinst                                       (abs)        000000
stackhi                                         (abs)        000000
stacklo                                         (abs)        000000
start                                           init         00001C
start_initialization                            cinit        00073E


MODULE INFORMATION

Module		Function		Class		Link	Load	Size
mcc_generated_files/pin_manager.c
		_PIN_MANAGER_Initialize		CODE           	04CC	0000	130

mcc_generated_files/pin_manager.c estimated size: 130

mcc_generated_files/pic18f_uart.c
		_Run_Bootloader		CODE           	0020	0000	260

mcc_generated_files/pic18f_uart.c estimated size: 260

shared
		__initialization		CODE           	073E	0000	24

shared estimated size: 24

mcc_generated_files/eusart1.c
		_EUSART1_Initialize		CODE           	0698	0000	74
		_EUSART1_SetFramingErrorHandler		CODE           	07F4	0000	14
		_EUSART1_Read  		CODE           	0714	0000	42
		_EUSART1_SetOverrunErrorHandler		CODE           	07E6	0000	14
		_EUSART1_SetErrorHandler		CODE           	0802	0000	14
		_EUSART1_Write 		CODE           	0790	0000	24

mcc_generated_files/eusart1.c estimated size: 182

mcc_generated_files/mcc.c
		_PMD_Initialize		CODE           	075C	0000	28
		_OSCILLATOR_Initialize		CODE           	0778	0000	24
		_SYSTEM_Initialize		CODE           	07A8	0000	22

mcc_generated_files/mcc.c estimated size: 74

mcc_generated_files/pic18f_bootload.c
		_ProcessBootBuffer		CODE           	0216	0000	186
		_Calc_Checksum 		CODE           	0426	0000	166
		_Write_Config  		CODE           	037C	0000	170
		_Write_Flash   		CODE           	0124	0000	242
		_Get_Version_Data		CODE           	054E	0000	126
		_Check_Device_Reset		CODE           	07BE	0000	22
		_Erase_Flash   		CODE           	02D0	0000	172
		_Bootload_Required		CODE           	0642	0000	86
		_Read_Config   		CODE           	05CC	0000	118
		_StartWrite    		CODE           	07D4	0000	18
		_BOOTLOADER_Initialize		CODE           	06E2	0000	50

mcc_generated_files/pic18f_bootload.c estimated size: 1356

main.c
		_main          		CODE           	0810	0000	12

main.c estimated size: 12

